head: de8f816af073e76ebc010e5e33bd9160cd51e175
> [REDACTED] build
> npm run build --workspaces --if-present


> @[REDACTED] prebuild
> npm run build --workspace @travelops/engine --workspace @travelops/sources


> @[REDACTED] build
> tsc -p tsconfig.json


> @[REDACTED] build
> tsc -p tsconfig.json


> @[REDACTED] build
> tsc -p tsconfig.json


> @[REDACTED] build
> tsc -p tsconfig.json


> @[REDACTED] build
> tsc -p tsconfig.json


> @[REDACTED] build
> node scripts/next.mjs build

▲ Next.js 16.4.0 (Turbopack)
✓ Running next.config.mjs took 200ms

  Creating an optimized production build ...
✓ Compiled successfully in 6.7s
  Running TypeScript ...
  Finished TypeScript in 3.1s ...
  Collecting page data using 19 workers ...
  Generating static pages using 19 workers (0/81) ...
  Generating static pages using 19 workers (20/81) 
  Generating static pages using 19 workers (40/81) 
  Generating static pages using 19 workers (60/81) 
✓ Generating static pages using 19 workers (81/81) in 1888ms
  Finalizing page optimization ...

Route (app)
┌ ƒ /
├ ○ /_not-found
├ ƒ /agenti
├ ƒ /api/chat/conversazioni
├ ƒ /api/chat/conversazioni/[id]
├ ƒ /api/chat/conversazioni/[id]/messaggi
├ ƒ /api/chat/conversazioni/[id]/proposte/[proposta]
├ ƒ /bozza/[viaggio]
├ ƒ /demo
├ ƒ /demo/proposte/[id]
├ ƒ /destinazione
├ ƒ /imprevisti
├ ƒ /itinerario
├ ƒ /oggi
├ ƒ /pianifica
├ ƒ /preferenze
├ ƒ /qualita
├ ƒ /qualita/log/[suite]
├ ○ /stile
├ ƒ /versioni
├ ƒ /versioni/[numero]
├ ƒ /versioni/[numero]/elementi/[elemento]
├ ƒ /versioni/[numero]/giorni/[data]
├ ƒ /viaggi/[viaggio]
├ ƒ /viaggi/[viaggio]/elementi/[elemento]
├ ƒ /viaggi/[viaggio]/giorni/[data]
└ ƒ /viaggi/[viaggio]/oggi


○  (Static)   prerendered as static content
ƒ  (Dynamic)  server-rendered on demand
> @[REDACTED] test
> vitest run --testTimeout=60000 --hookTimeout=120000 --maxWorkers=2


 RUN  v5.0.3 C:/Users/a.gibellato/TravelOps/packages/agents


 Test Files  15 passed (15)
      Tests  150 passed (150)
   Start at  16:08:29
   Duration  39.53s (tests 68%, transform 17%, import 15%)

    Isolate  15 workers spawned · ~415ms startup each (spawn + environment, per file)
             at least ~2.70s faster with isolate: false — reuses workers across files instead of one per file


> @[REDACTED] test
> vitest run --testTimeout=60000 --hookTimeout=120000 --maxWorkers=2


 RUN  v5.0.3 C:/Users/a.gibellato/TravelOps/packages/engine


 Test Files  42 passed (42)
      Tests  760 passed (760)
   Start at  16:09:10
   Duration  22.80s (transform 39%, tests 32%, import 25%, worker 3%)

  Transform  transforming modules took 10.77s · 39% of tracked time, re-done on every run
             persist transforms across runs with fsModuleCache: true
             learn more: https://vitest.dev/guide/improving-performance#caching-between-reruns


> @[REDACTED] test
> vitest run --testTimeout=60000 --hookTimeout=120000 --maxWorkers=2


 RUN  v5.0.3 C:/Users/a.gibellato/TravelOps/packages/sources


 Test Files  15 passed | 1 skipped (16)
      Tests  138 passed | 1 skipped (139)
   Start at  16:09:35
   Duration  10.82s (import 40%, transform 40%, tests 17%, worker 3%)

  Transform  transforming modules took 5.42s · 40% of tracked time, re-done on every run
             persist transforms across runs with fsModuleCache: true
             learn more: https://vitest.dev/guide/improving-performance#caching-between-reruns


> @[REDACTED] test
> vitest run --testTimeout=60000 --hookTimeout=120000 --maxWorkers=2


 RUN  v5.0.3 C:/Users/a.gibellato/TravelOps/apps/web


 Test Files  99 passed (99)
      Tests  685 passed (685)
   Start at  16:09:48
   Duration  574.45s (tests 66%, import 23%, environment 8%, transform 3%)

    Isolate  99 workers spawned · ~1.27s startup each (spawn + environment, per file)
             at least ~61.65s faster with isolate: false — reuses workers across files instead of one per file
