
> travelops@0.1.0 test
> npm test --workspaces --if-present


> @travelops/agents@0.1.0 test
> vitest run


 RUN  v5.0.3 /Users/antonioantenore/Documents/Projects/TravelOps-ux004b/packages/agents


 Test Files  13 passed (13)
      Tests  133 passed (133)
   Start at  11:26:15
   Duration  2.10s (transform 41%, tests 34%, import 25%)

  Transform  transforming modules took 4.48s · 41% of tracked time, re-done on every run
             persist transforms across runs with fsModuleCache: true
             learn more: https://vitest.dev/guide/improving-performance#caching-between-reruns


> @travelops/engine@0.1.0 test
> vitest run


 RUN  v5.0.3 /Users/antonioantenore/Documents/Projects/TravelOps-ux004b/packages/engine


 Test Files  39 passed (39)
      Tests  740 passed (740)
   Start at  11:26:18
   Duration  999ms (transform 52%, tests 27%, import 19%, worker 2%)

  Transform  transforming modules took 3.33s · 52% of tracked time, re-done on every run
             persist transforms across runs with fsModuleCache: true
             learn more: https://vitest.dev/guide/improving-performance#caching-between-reruns


> @travelops/sources@0.1.0 test
> vitest run


 RUN  v5.0.3 /Users/antonioantenore/Documents/Projects/TravelOps-ux004b/packages/sources


 Test Files  15 passed | 1 skipped (16)
      Tests  138 passed | 1 skipped (139)
   Start at  11:26:19
   Duration  842ms (transform 65%, import 21%, tests 13%, worker 1%)

  Transform  transforming modules took 4.26s · 65% of tracked time, re-done on every run
             persist transforms across runs with fsModuleCache: true
             learn more: https://vitest.dev/guide/improving-performance#caching-between-reruns


> @travelops/web@0.1.0 test
> vitest run


 RUN  v5.0.3 /Users/antonioantenore/Documents/Projects/TravelOps-ux004b/apps/web

Not implemented: navigation to another Document

 Test Files  91 passed (91)
      Tests  624 passed (624)
   Start at  11:26:20
   Duration  23.25s (tests 70%, import 18%, environment 6%, transform 5%)

    Isolate  91 workers spawned · ~419ms startup each (spawn + environment, per file)
             at least ~2.31s faster with isolate: false — reuses workers across files instead of one per file

