head: 2644061628dfb4bf7dd4267adc0bf82ea0b30c2d
> [REDACTED] build
> npm run build --workspaces --if-present


> @[REDACTED] prebuild
> npm run build --workspace @travelops/engine --workspace @travelops/sources


> @[REDACTED] build
> tsc -p tsconfig.json


> @[REDACTED] build
> tsc -p tsconfig.json


> @[REDACTED] build
> tsc -p tsconfig.json


> @[REDACTED] build
> tsc -p tsconfig.json


> @[REDACTED] build
> tsc -p tsconfig.json


> @[REDACTED] build
> node scripts/next.mjs build

▲ Next.js 16.4.0 (Turbopack)
✓ Running next.config.mjs took 66ms

  Creating an optimized production build ...
✓ Compiled successfully in 5.4s
  Running TypeScript ...
  Finished TypeScript in 2.1s ...
  Collecting page data using 19 workers ...
  Generating static pages using 19 workers (0/82) ...
  Generating static pages using 19 workers (20/82) 
  Generating static pages using 19 workers (40/82) 
  Generating static pages using 19 workers (61/82) 
✓ Generating static pages using 19 workers (82/82) in 1964ms
  Finalizing page optimization ...

Route (app)
┌ ○ /
├ ○ /_not-found
├ ƒ /api/chat/conversazioni
├ ƒ /api/chat/conversazioni/[id]
├ ƒ /api/chat/conversazioni/[id]/messaggi
├ ƒ /api/chat/conversazioni/[id]/proposte/[proposta]
├ ƒ /bozza/[viaggio]
├ ƒ /demo
├ ƒ /demo/proposte/[id]
├ ƒ /destinazione
├ ƒ /imprevisti
├ ƒ /itinerario
├ ƒ /oggi
├ ƒ /pianifica
├ ƒ /preferenze
├ ○ /stile
├ ƒ /versioni
├ ƒ /versioni/[numero]
├ ƒ /versioni/[numero]/elementi/[elemento]
├ ƒ /versioni/[numero]/giorni/[data]
├ ƒ /viaggi/[viaggio]
├   /viaggi/[viaggio]/elementi/[elemento]
│ ├ ● /viaggi/versione-1/elementi/D1-E1
│ ├ ● /viaggi/versione-1/elementi/D1-E2
│ ├ ● /viaggi/versione-1/elementi/D1-E3
│ └ ● [+59 more paths]
├   /viaggi/[viaggio]/giorni/[data]
│ ├ ● /viaggi/versione-1/giorni/2026-06-12
│ ├ ● /viaggi/versione-1/giorni/2026-06-13
│ ├ ● /viaggi/versione-1/giorni/2026-06-14
│ └ ● [+9 more paths]
└ ƒ /viaggi/[viaggio]/oggi


○  (Static)   prerendered as static content
●  (SSG)      prerendered as static HTML (uses generateStaticParams)
ƒ  (Dynamic)  server-rendered on demand
> @[REDACTED] test
> vitest run --testTimeout=30000 --hookTimeout=60000


 RUN  v5.0.3 C:/Users/a.gibellato/TravelOps/packages/agents


 Test Files  13 passed (13)
      Tests  133 passed (133)
   Start at  06:45:47
   Duration  14.29s (import 34%, tests 33%, transform 32%, worker 1%)

  Transform  transforming modules took 22.39s · 32% of tracked time, re-done on every run
             persist transforms across runs with fsModuleCache: true
             learn more: https://vitest.dev/guide/improving-performance#caching-between-reruns


> @[REDACTED] test
> vitest run --testTimeout=30000 --hookTimeout=60000


 RUN  v5.0.3 C:/Users/a.gibellato/TravelOps/packages/engine


 Test Files  36 passed (36)
      Tests  718 passed (718)
   Start at  06:46:02
   Duration  5.31s (transform 52%, import 26%, tests 19%, worker 3%)

  Transform  transforming modules took 19.41s · 52% of tracked time, re-done on every run
             persist transforms across runs with fsModuleCache: true
             learn more: https://vitest.dev/guide/improving-performance#caching-between-reruns


> @[REDACTED] test
> vitest run --testTimeout=30000 --hookTimeout=60000


 RUN  v5.0.3 C:/Users/a.gibellato/TravelOps/packages/sources


 Test Files  12 passed (12)
      Tests  96 passed (96)
   Start at  06:46:08
   Duration  3.46s (transform 58%, import 30%, tests 11%, worker 1%)

  Transform  transforming modules took 13.07s · 58% of tracked time, re-done on every run
             persist transforms across runs with fsModuleCache: true
             learn more: https://vitest.dev/guide/improving-performance#caching-between-reruns


> @[REDACTED] test
> vitest run --testTimeout=30000 --hookTimeout=60000


 RUN  v5.0.3 C:/Users/a.gibellato/TravelOps/apps/web


 Test Files  84 passed (84)
      Tests  543 passed (543)
   Start at  06:46:12
   Duration  109.76s (tests 53%, import 30%, environment 12%, transform 4%)

    Isolate  84 workers spawned · ~4.15s startup each (spawn + environment, per file)
             at least ~14.19s faster with isolate: false — reuses workers across files instead of one per file
