(!) Your Vite config uses features that are unsupported by `configLoader: 'native'`, which is planned to become the default in a future major version of Vite:
  - import "./vitest.config" without a file extension (vitest.e2e.config.ts:2:18). Add the file extension
Set `VITE_CONFIG_NATIVE_IGNORE_WARNING=true` to suppress this warning.

 RUN  v5.0.3 /Users/antonioantenore/Documents/Projects/TravelOps-xpage003/apps/web

[e2e] build mancante o sorgenti cambiati: compilo la web app (npm run build)...

> travelops@0.1.0 build
> npm run build --workspaces --if-present


> @travelops/agents@0.1.0 prebuild
> npm run build --workspace @travelops/engine --workspace @travelops/sources


> @travelops/engine@0.1.0 build
> tsc -p tsconfig.json


> @travelops/sources@0.1.0 build
> tsc -p tsconfig.json


> @travelops/agents@0.1.0 build
> tsc -p tsconfig.json


> @travelops/engine@0.1.0 build
> tsc -p tsconfig.json


> @travelops/sources@0.1.0 build
> tsc -p tsconfig.json


> @travelops/web@0.1.0 build
> node scripts/next.mjs build

▲ Next.js 16.4.0 (Turbopack)
✓ Running next.config.mjs took 6ms

  Creating an optimized production build ...
✓ Compiled successfully in 337ms
  Running TypeScript ...
  Finished TypeScript in 229ms ...
  Collecting page data using 14 workers ...
  Generating static pages using 14 workers (0/81) ...
  Generating static pages using 14 workers (20/81) 
  Generating static pages using 14 workers (40/81) 
  Generating static pages using 14 workers (60/81) 
✓ Generating static pages using 14 workers (81/81) in 116ms
  Finalizing page optimization ...

Route (app)
┌ ƒ /
├ ○ /_not-found
├ ƒ /agenti
├ ƒ /api/chat/conversazioni
├ ƒ /api/chat/conversazioni/[id]
├ ƒ /api/chat/conversazioni/[id]/messaggi
├ ƒ /api/chat/conversazioni/[id]/proposte/[proposta]
├ ƒ /bozza/[viaggio]
├ ƒ /demo
├ ƒ /demo/proposte/[id]
├ ƒ /destinazione
├ ƒ /imprevisti
├ ƒ /itinerario
├ ƒ /oggi
├ ƒ /pianifica
├ ƒ /preferenze
├ ƒ /qualita
├ ƒ /qualita/log/[suite]
├ ○ /stile
├ ƒ /versioni
├ ƒ /versioni/[numero]
├ ƒ /versioni/[numero]/elementi/[elemento]
├ ƒ /versioni/[numero]/giorni/[data]
├ ƒ /viaggi/[viaggio]
├ ƒ /viaggi/[viaggio]/elementi/[elemento]
├ ƒ /viaggi/[viaggio]/giorni/[data]
└ ƒ /viaggi/[viaggio]/oggi


○  (Static)   prerendered as static content
ƒ  (Dynamic)  server-rendered on demand


 Test Files  3 passed (3)
      Tests  6 passed (6)
   Start at  18:03:52
   Duration  13.34s (tests 78%, import 16%, transform 6%)

agentic-sdlc run: still working (14s; last step git rev-parse --git-common-dir 0s)
